\BOOKMARK [0][-]{chapter.1}{\376\377\0001\000\040\000N\000a\000m\000e\000s\000p\000a\000c\000e\000\040\000I\000n\000d\000e\000x}{}% 1
\BOOKMARK [1][-]{section.1.1}{\376\377\0001\000.\0001\000\040\000N\000a\000m\000e\000s\000p\000a\000c\000e\000\040\000L\000i\000s\000t}{chapter.1}% 2
\BOOKMARK [0][-]{chapter.2}{\376\377\0002\000\040\000H\000i\000e\000r\000a\000r\000c\000h\000i\000c\000a\000l\000\040\000I\000n\000d\000e\000x}{}% 3
\BOOKMARK [1][-]{section.2.1}{\376\377\0002\000.\0001\000\040\000C\000l\000a\000s\000s\000\040\000H\000i\000e\000r\000a\000r\000c\000h\000y}{chapter.2}% 4
\BOOKMARK [0][-]{chapter.3}{\376\377\0003\000\040\000C\000l\000a\000s\000s\000\040\000I\000n\000d\000e\000x}{}% 5
\BOOKMARK [1][-]{section.3.1}{\376\377\0003\000.\0001\000\040\000C\000l\000a\000s\000s\000\040\000L\000i\000s\000t}{chapter.3}% 6
\BOOKMARK [0][-]{chapter.4}{\376\377\0004\000\040\000F\000i\000l\000e\000\040\000I\000n\000d\000e\000x}{}% 7
\BOOKMARK [1][-]{section.4.1}{\376\377\0004\000.\0001\000\040\000F\000i\000l\000e\000\040\000L\000i\000s\000t}{chapter.4}% 8
\BOOKMARK [0][-]{chapter.5}{\376\377\0005\000\040\000N\000a\000m\000e\000s\000p\000a\000c\000e\000\040\000D\000o\000c\000u\000m\000e\000n\000t\000a\000t\000i\000o\000n}{}% 9
\BOOKMARK [1][-]{section.5.1}{\376\377\0005\000.\0001\000\040\000C\000S\000t\000r\000i\000n\000g\000H\000e\000l\000p\000e\000r\000\040\000N\000a\000m\000e\000s\000p\000a\000c\000e\000\040\000R\000e\000f\000e\000r\000e\000n\000c\000e}{chapter.5}% 10
\BOOKMARK [2][-]{subsection.5.1.1}{\376\377\0005\000.\0001\000.\0001\000\040\000D\000e\000t\000a\000i\000l\000e\000d\000\040\000D\000e\000s\000c\000r\000i\000p\000t\000i\000o\000n}{section.5.1}% 11
\BOOKMARK [2][-]{subsection.5.1.2}{\376\377\0005\000.\0001\000.\0002\000\040\000F\000u\000n\000c\000t\000i\000o\000n\000\040\000D\000o\000c\000u\000m\000e\000n\000t\000a\000t\000i\000o\000n}{section.5.1}% 12
\BOOKMARK [3][-]{subsubsection.5.1.2.1}{\376\377\0005\000.\0001\000.\0002\000.\0001\000\040\000a\000s\000s\000i\000g\000n\000\137\000s\000t\000r\000i\000n\000g\000\050\000\051}{subsection.5.1.2}% 13
\BOOKMARK [3][-]{subsubsection.5.1.2.2}{\376\377\0005\000.\0001\000.\0002\000.\0002\000\040\000a\000s\000s\000i\000g\000n\000\137\000u\0001\0006\000s\000t\000r\000i\000n\000g\000\050\000\051}{subsection.5.1.2}% 14
\BOOKMARK [3][-]{subsubsection.5.1.2.3}{\376\377\0005\000.\0001\000.\0002\000.\0003\000\040\000a\000s\000s\000i\000g\000n\000\137\000v\000e\000c\000t\000o\000r\000\137\000s\000t\000r\000i\000n\000g\000\050\000\051}{subsection.5.1.2}% 15
\BOOKMARK [3][-]{subsubsection.5.1.2.4}{\376\377\0005\000.\0001\000.\0002\000.\0004\000\040\000a\000s\000s\000i\000g\000n\000\137\000v\000e\000c\000t\000o\000r\000\137\000s\000t\000r\000i\000n\000g\000\137\000t\000o\000\137\000s\000e\000q\000u\000e\000n\000c\000e\000\050\000\051}{subsection.5.1.2}% 16
\BOOKMARK [3][-]{subsubsection.5.1.2.5}{\376\377\0005\000.\0001\000.\0002\000.\0005\000\040\000a\000s\000s\000i\000g\000n\000\137\000v\000e\000c\000t\000o\000r\000\137\000u\0001\0006\000s\000t\000r\000i\000n\000g\000\050\000\051}{subsection.5.1.2}% 17
\BOOKMARK [3][-]{subsubsection.5.1.2.6}{\376\377\0005\000.\0001\000.\0002\000.\0006\000\040\000a\000s\000s\000i\000g\000n\000\137\000v\000e\000c\000t\000o\000r\000\137\000u\0001\0006\000s\000t\000r\000i\000n\000g\000\137\000t\000o\000\137\000s\000e\000q\000u\000e\000n\000c\000e\000\050\000\051}{subsection.5.1.2}% 18
\BOOKMARK [3][-]{subsubsection.5.1.2.7}{\376\377\0005\000.\0001\000.\0002\000.\0007\000\040\000c\000o\000n\000v\000e\000r\000t\000\137\000s\000e\000q\000u\000e\000n\000c\000e\000\137\000t\000o\000\137\000s\000t\000d\000\137\000v\000e\000c\000t\000o\000r\000\137\000s\000t\000r\000i\000n\000g\000\050\000\051}{subsection.5.1.2}% 19
\BOOKMARK [3][-]{subsubsection.5.1.2.8}{\376\377\0005\000.\0001\000.\0002\000.\0008\000\040\000c\000o\000n\000v\000e\000r\000t\000\137\000s\000e\000q\000u\000e\000n\000c\000e\000\137\000t\000o\000\137\000s\000t\000d\000\137\000v\000e\000c\000t\000o\000r\000\137\000u\0001\0006\000s\000t\000r\000i\000n\000g\000\050\000\051}{subsection.5.1.2}% 20
\BOOKMARK [3][-]{subsubsection.5.1.2.9}{\376\377\0005\000.\0001\000.\0002\000.\0009\000\040\000c\000o\000n\000v\000e\000r\000t\000\137\000t\000o\000\137\000s\000t\000d\000\137\000s\000t\000r\000i\000n\000g\000\050\000\051}{subsection.5.1.2}% 21
\BOOKMARK [3][-]{subsubsection.5.1.2.10}{\376\377\0005\000.\0001\000.\0002\000.\0001\0000\000\040\000c\000o\000n\000v\000e\000r\000t\000\137\000t\000o\000\137\000s\000t\000d\000\137\000u\0001\0006\000s\000t\000r\000i\000n\000g\000\050\000\051}{subsection.5.1.2}% 22
\BOOKMARK [3][-]{subsubsection.5.1.2.11}{\376\377\0005\000.\0001\000.\0002\000.\0001\0001\000\040\000c\000o\000n\000v\000e\000r\000t\000\137\000t\000o\000\137\000s\000t\000d\000\137\000v\000e\000c\000t\000o\000r\000\137\000s\000t\000r\000i\000n\000g\000\050\000\051}{subsection.5.1.2}% 23
\BOOKMARK [3][-]{subsubsection.5.1.2.12}{\376\377\0005\000.\0001\000.\0002\000.\0001\0002\000\040\000c\000o\000n\000v\000e\000r\000t\000\137\000t\000o\000\137\000s\000t\000d\000\137\000v\000e\000c\000t\000o\000r\000\137\000u\0001\0006\000s\000t\000r\000i\000n\000g\000\050\000\051}{subsection.5.1.2}% 24
\BOOKMARK [1][-]{section.5.2}{\376\377\0005\000.\0002\000\040\000D\000i\000s\000c\000o\000v\000e\000r\000y\000\040\000N\000a\000m\000e\000s\000p\000a\000c\000e\000\040\000R\000e\000f\000e\000r\000e\000n\000c\000e}{chapter.5}% 25
\BOOKMARK [2][-]{subsection.5.2.1}{\376\377\0005\000.\0002\000.\0001\000\040\000D\000e\000t\000a\000i\000l\000e\000d\000\040\000D\000e\000s\000c\000r\000i\000p\000t\000i\000o\000n}{section.5.2}% 26
\BOOKMARK [2][-]{subsection.5.2.2}{\376\377\0005\000.\0002\000.\0002\000\040\000F\000u\000n\000c\000t\000i\000o\000n\000\040\000D\000o\000c\000u\000m\000e\000n\000t\000a\000t\000i\000o\000n}{section.5.2}% 27
\BOOKMARK [3][-]{subsubsection.5.2.2.1}{\376\377\0005\000.\0002\000.\0002\000.\0001\000\040\000d\000e\000m\000a\000n\000g\000l\000e\000\137\000p\000u\000b\000l\000i\000s\000h\000e\000r\000\137\000f\000r\000o\000m\000\137\000t\000o\000p\000i\000c\000\050\000\051}{subsection.5.2.2}% 28
\BOOKMARK [3][-]{subsubsection.5.2.2.2}{\376\377\0005\000.\0002\000.\0002\000.\0002\000\040\000d\000e\000m\000a\000n\000g\000l\000e\000\137\000s\000e\000r\000v\000i\000c\000e\000\137\000f\000r\000o\000m\000\137\000t\000o\000p\000i\000c\000\050\000\051}{subsection.5.2.2}% 29
\BOOKMARK [3][-]{subsubsection.5.2.2.3}{\376\377\0005\000.\0002\000.\0002\000.\0003\000\040\000d\000e\000m\000a\000n\000g\000l\000e\000\137\000s\000e\000r\000v\000i\000c\000e\000\137\000r\000e\000p\000l\000y\000\137\000f\000r\000o\000m\000\137\000t\000o\000p\000i\000c\000\050\000\051}{subsection.5.2.2}% 30
\BOOKMARK [3][-]{subsubsection.5.2.2.4}{\376\377\0005\000.\0002\000.\0002\000.\0004\000\040\000d\000e\000m\000a\000n\000g\000l\000e\000\137\000s\000e\000r\000v\000i\000c\000e\000\137\000r\000e\000q\000u\000e\000s\000t\000\137\000f\000r\000o\000m\000\137\000t\000o\000p\000i\000c\000\050\000\051}{subsection.5.2.2}% 31
\BOOKMARK [3][-]{subsubsection.5.2.2.5}{\376\377\0005\000.\0002\000.\0002\000.\0005\000\040\000d\000e\000m\000a\000n\000g\000l\000e\000\137\000s\000u\000b\000s\000c\000r\000i\000b\000e\000r\000\137\000f\000r\000o\000m\000\137\000t\000o\000p\000i\000c\000\050\000\051}{subsection.5.2.2}% 32
\BOOKMARK [3][-]{subsubsection.5.2.2.6}{\376\377\0005\000.\0002\000.\0002\000.\0006\000\040\000d\000e\000m\000a\000n\000g\000l\000e\000\137\000t\000o\000p\000i\000c\000\050\000\051}{subsection.5.2.2}% 33
\BOOKMARK [3][-]{subsubsection.5.2.2.7}{\376\377\0005\000.\0002\000.\0002\000.\0007\000\040\000d\000i\000s\000c\000o\000v\000e\000r\000y\000\137\000t\000h\000r\000e\000a\000d\000\050\000\051}{subsection.5.2.2}% 34
\BOOKMARK [3][-]{subsubsection.5.2.2.8}{\376\377\0005\000.\0002\000.\0002\000.\0008\000\040\000d\000i\000s\000c\000o\000v\000e\000r\000y\000\137\000t\000h\000r\000e\000a\000d\000\137\000s\000t\000a\000r\000t\000\050\000\051}{subsection.5.2.2}% 35
\BOOKMARK [3][-]{subsubsection.5.2.2.9}{\376\377\0005\000.\0002\000.\0002\000.\0009\000\040\000d\000i\000s\000c\000o\000v\000e\000r\000y\000\137\000t\000h\000r\000e\000a\000d\000\137\000s\000t\000o\000p\000\050\000\051}{subsection.5.2.2}% 36
\BOOKMARK [3][-]{subsubsection.5.2.2.10}{\376\377\0005\000.\0002\000.\0002\000.\0001\0000\000\040\000i\000d\000e\000n\000t\000i\000t\000y\000\137\000d\000e\000m\000a\000n\000g\000l\000e\000\050\000\051}{subsection.5.2.2}% 37
\BOOKMARK [3][-]{subsubsection.5.2.2.11}{\376\377\0005\000.\0002\000.\0002\000.\0001\0001\000\040\000r\000e\000s\000o\000l\000v\000e\000\137\000p\000r\000e\000f\000i\000x\000\050\000\051}{subsection.5.2.2}% 38
\BOOKMARK [3][-]{subsubsection.5.2.2.12}{\376\377\0005\000.\0002\000.\0002\000.\0001\0002\000\040\000s\000e\000n\000d\000\137\000d\000i\000s\000c\000o\000v\000e\000r\000y\000\137\000b\000e\000a\000c\000o\000n\000\050\000\051}{subsection.5.2.2}% 39
\BOOKMARK [3][-]{subsubsection.5.2.2.13}{\376\377\0005\000.\0002\000.\0002\000.\0001\0003\000\040\000s\000e\000n\000d\000\137\000d\000i\000s\000c\000o\000v\000e\000r\000y\000\137\000r\000e\000q\000u\000e\000s\000t\000\050\000\051}{subsection.5.2.2}% 40
\BOOKMARK [1][-]{section.5.3}{\376\377\0005\000.\0003\000\040\000M\000e\000s\000s\000a\000g\000e\000S\000e\000r\000i\000a\000l\000i\000z\000a\000t\000i\000o\000n\000\040\000N\000a\000m\000e\000s\000p\000a\000c\000e\000\040\000R\000e\000f\000e\000r\000e\000n\000c\000e}{chapter.5}% 41
\BOOKMARK [2][-]{subsection.5.3.1}{\376\377\0005\000.\0003\000.\0001\000\040\000D\000e\000t\000a\000i\000l\000e\000d\000\040\000D\000e\000s\000c\000r\000i\000p\000t\000i\000o\000n}{section.5.3}% 42
\BOOKMARK [2][-]{subsection.5.3.2}{\376\377\0005\000.\0003\000.\0002\000\040\000F\000u\000n\000c\000t\000i\000o\000n\000\040\000D\000o\000c\000u\000m\000e\000n\000t\000a\000t\000i\000o\000n}{section.5.3}% 43
\BOOKMARK [3][-]{subsubsection.5.3.2.1}{\376\377\0005\000.\0003\000.\0002\000.\0001\000\040\000d\000e\000s\000e\000r\000i\000a\000l\000i\000z\000e\000\050\000\051}{subsection.5.3.2}% 44
\BOOKMARK [3][-]{subsubsection.5.3.2.2}{\376\377\0005\000.\0003\000.\0002\000.\0002\000\040\000d\000e\000s\000e\000r\000i\000a\000l\000i\000z\000e\000\137\000f\000i\000e\000l\000d\000\050\000\051\000\040\000[\0001\000/\0002\000]}{subsection.5.3.2}% 45
\BOOKMARK [3][-]{subsubsection.5.3.2.3}{\376\377\0005\000.\0003\000.\0002\000.\0003\000\040\000d\000e\000s\000e\000r\000i\000a\000l\000i\000z\000e\000\137\000f\000i\000e\000l\000d\000\050\000\051\000\040\000[\0002\000/\0002\000]}{subsection.5.3.2}% 46
\BOOKMARK [3][-]{subsubsection.5.3.2.4}{\376\377\0005\000.\0003\000.\0002\000.\0004\000\040\000s\000e\000r\000i\000a\000l\000i\000z\000e\000\050\000\051}{subsection.5.3.2}% 47
\BOOKMARK [3][-]{subsubsection.5.3.2.5}{\376\377\0005\000.\0003\000.\0002\000.\0005\000\040\000s\000e\000r\000i\000a\000l\000i\000z\000e\000\137\000f\000i\000e\000l\000d\000\050\000\051\000\040\000[\0001\000/\0002\000]}{subsection.5.3.2}% 48
\BOOKMARK [3][-]{subsubsection.5.3.2.6}{\376\377\0005\000.\0003\000.\0002\000.\0006\000\040\000s\000e\000r\000i\000a\000l\000i\000z\000e\000\137\000f\000i\000e\000l\000d\000\050\000\051\000\040\000[\0002\000/\0002\000]}{subsection.5.3.2}% 49
\BOOKMARK [0][-]{chapter.6}{\376\377\0006\000\040\000C\000l\000a\000s\000s\000\040\000D\000o\000c\000u\000m\000e\000n\000t\000a\000t\000i\000o\000n}{}% 50
\BOOKMARK [1][-]{section.6.1}{\376\377\0006\000.\0001\000\040\000s\000e\000c\000u\000r\000i\000t\000y\000:\000:\000A\000e\000a\000d\000P\000a\000r\000a\000m\000s\000\040\000C\000l\000a\000s\000s\000\040\000R\000e\000f\000e\000r\000e\000n\000c\000e}{chapter.6}% 51
\BOOKMARK [1][-]{section.6.2}{\376\377\0006\000.\0002\000\040\000C\000i\000r\000c\000u\000l\000a\000r\000Q\000u\000e\000u\000e\000<\000\040\000T\000,\000\040\000M\000a\000x\000L\000e\000n\000,\000\040\000C\000o\000n\000t\000a\000i\000n\000e\000r\000\040\000>\000\040\000C\000l\000a\000s\000s\000\040\000T\000e\000m\000p\000l\000a\000t\000e\000\040\000R\000e\000f\000e\000r\000e\000n\000c\000e}{chapter.6}% 52
\BOOKMARK [1][-]{section.6.3}{\376\377\0006\000.\0003\000\040\000D\000e\000s\000e\000r\000t\000C\000l\000i\000e\000n\000t\000\040\000C\000l\000a\000s\000s\000\040\000R\000e\000f\000e\000r\000e\000n\000c\000e}{chapter.6}% 53
\BOOKMARK [2][-]{subsection.6.3.1}{\376\377\0006\000.\0003\000.\0001\000\040\000C\000o\000n\000s\000t\000r\000u\000c\000t\000o\000r\000\040\000\046\000\040\000D\000e\000s\000t\000r\000u\000c\000t\000o\000r\000\040\000D\000o\000c\000u\000m\000e\000n\000t\000a\000t\000i\000o\000n}{section.6.3}% 54
\BOOKMARK [3][-]{subsubsection.6.3.1.1}{\376\377\0006\000.\0003\000.\0001\000.\0001\000\040\000D\000e\000s\000e\000r\000t\000C\000l\000i\000e\000n\000t\000\050\000\051}{subsection.6.3.1}% 55
\BOOKMARK [2][-]{subsection.6.3.2}{\376\377\0006\000.\0003\000.\0002\000\040\000M\000e\000m\000b\000e\000r\000\040\000F\000u\000n\000c\000t\000i\000o\000n\000\040\000D\000o\000c\000u\000m\000e\000n\000t\000a\000t\000i\000o\000n}{section.6.3}% 56
\BOOKMARK [3][-]{subsubsection.6.3.2.1}{\376\377\0006\000.\0003\000.\0002\000.\0001\000\040\000g\000e\000t\000\137\000g\000i\000d\000\050\000\051}{subsection.6.3.2}% 57
\BOOKMARK [3][-]{subsubsection.6.3.2.2}{\376\377\0006\000.\0003\000.\0002\000.\0002\000\040\000g\000e\000t\000\137\000r\000e\000q\000u\000e\000s\000t\000\137\000t\000y\000p\000e\000\137\000n\000a\000m\000e\000\050\000\051}{subsection.6.3.2}% 58
\BOOKMARK [3][-]{subsubsection.6.3.2.3}{\376\377\0006\000.\0003\000.\0002\000.\0003\000\040\000g\000e\000t\000\137\000r\000e\000s\000p\000o\000n\000s\000e\000\137\000t\000y\000p\000e\000\137\000n\000a\000m\000e\000\050\000\051}{subsection.6.3.2}% 59
\BOOKMARK [3][-]{subsubsection.6.3.2.4}{\376\377\0006\000.\0003\000.\0002\000.\0004\000\040\000g\000e\000t\000\137\000s\000e\000r\000v\000i\000c\000e\000\137\000n\000a\000m\000e\000\050\000\051}{subsection.6.3.2}% 60
\BOOKMARK [3][-]{subsubsection.6.3.2.5}{\376\377\0006\000.\0003\000.\0002\000.\0005\000\040\000h\000a\000s\000\137\000d\000a\000t\000a\000\050\000\051}{subsection.6.3.2}% 61
\BOOKMARK [3][-]{subsubsection.6.3.2.6}{\376\377\0006\000.\0003\000.\0002\000.\0006\000\040\000r\000e\000a\000d\000\137\000r\000e\000s\000p\000o\000n\000s\000e\000\050\000\051}{subsection.6.3.2}% 62
\BOOKMARK [3][-]{subsubsection.6.3.2.7}{\376\377\0006\000.\0003\000.\0002\000.\0007\000\040\000s\000e\000n\000d\000\137\000r\000e\000q\000u\000e\000s\000t\000\050\000\051}{subsection.6.3.2}% 63
\BOOKMARK [1][-]{section.6.4}{\376\377\0006\000.\0004\000\040\000D\000e\000s\000e\000r\000t\000G\000u\000a\000r\000d\000C\000o\000n\000d\000i\000t\000i\000o\000n\000\040\000C\000l\000a\000s\000s\000\040\000R\000e\000f\000e\000r\000e\000n\000c\000e}{chapter.6}% 64
\BOOKMARK [2][-]{subsection.6.4.1}{\376\377\0006\000.\0004\000.\0001\000\040\000M\000e\000m\000b\000e\000r\000\040\000F\000u\000n\000c\000t\000i\000o\000n\000\040\000D\000o\000c\000u\000m\000e\000n\000t\000a\000t\000i\000o\000n}{section.6.4}% 65
\BOOKMARK [3][-]{subsubsection.6.4.1.1}{\376\377\0006\000.\0004\000.\0001\000.\0001\000\040\000g\000e\000t\000\137\000h\000a\000s\000\137\000t\000r\000i\000g\000g\000e\000r\000e\000d\000\050\000\051}{subsection.6.4.1}% 66
\BOOKMARK [3][-]{subsubsection.6.4.1.2}{\376\377\0006\000.\0004\000.\0001\000.\0002\000\040\000h\000a\000s\000\137\000t\000r\000i\000g\000g\000e\000r\000e\000d\000\050\000\051}{subsection.6.4.1}% 67
\BOOKMARK [3][-]{subsubsection.6.4.1.3}{\376\377\0006\000.\0004\000.\0001\000.\0003\000\040\000t\000r\000i\000g\000g\000e\000r\000\050\000\051}{subsection.6.4.1}% 68
\BOOKMARK [1][-]{section.6.5}{\376\377\0006\000.\0005\000\040\000D\000e\000s\000e\000r\000t\000N\000o\000d\000e\000\040\000C\000l\000a\000s\000s\000\040\000R\000e\000f\000e\000r\000e\000n\000c\000e}{chapter.6}% 69
\BOOKMARK [2][-]{subsection.6.5.1}{\376\377\0006\000.\0005\000.\0001\000\040\000C\000o\000n\000s\000t\000r\000u\000c\000t\000o\000r\000\040\000\046\000\040\000D\000e\000s\000t\000r\000u\000c\000t\000o\000r\000\040\000D\000o\000c\000u\000m\000e\000n\000t\000a\000t\000i\000o\000n}{section.6.5}% 70
\BOOKMARK [3][-]{subsubsection.6.5.1.1}{\376\377\0006\000.\0005\000.\0001\000.\0001\000\040\000D\000e\000s\000e\000r\000t\000N\000o\000d\000e\000\050\000\051}{subsection.6.5.1}% 71
\BOOKMARK [2][-]{subsection.6.5.2}{\376\377\0006\000.\0005\000.\0002\000\040\000M\000e\000m\000b\000e\000r\000\040\000F\000u\000n\000c\000t\000i\000o\000n\000\040\000D\000o\000c\000u\000m\000e\000n\000t\000a\000t\000i\000o\000n}{section.6.5}% 72
\BOOKMARK [3][-]{subsubsection.6.5.2.1}{\376\377\0006\000.\0005\000.\0002\000.\0001\000\040\000a\000d\000d\000\137\000c\000l\000i\000e\000n\000t\000\050\000\051}{subsection.6.5.2}% 73
\BOOKMARK [3][-]{subsubsection.6.5.2.2}{\376\377\0006\000.\0005\000.\0002\000.\0002\000\040\000a\000d\000d\000\137\000p\000u\000b\000l\000i\000s\000h\000e\000r\000\050\000\051}{subsection.6.5.2}% 74
\BOOKMARK [3][-]{subsubsection.6.5.2.3}{\376\377\0006\000.\0005\000.\0002\000.\0003\000\040\000a\000d\000d\000\137\000s\000e\000r\000v\000i\000c\000e\000\050\000\051}{subsection.6.5.2}% 75
\BOOKMARK [3][-]{subsubsection.6.5.2.4}{\376\377\0006\000.\0005\000.\0002\000.\0004\000\040\000a\000d\000d\000\137\000s\000u\000b\000s\000c\000r\000i\000b\000e\000r\000\050\000\051}{subsection.6.5.2}% 76
\BOOKMARK [3][-]{subsubsection.6.5.2.5}{\376\377\0006\000.\0005\000.\0002\000.\0005\000\040\000g\000e\000t\000\137\000g\000i\000d\000\050\000\051}{subsection.6.5.2}% 77
\BOOKMARK [3][-]{subsubsection.6.5.2.6}{\376\377\0006\000.\0005\000.\0002\000.\0006\000\040\000r\000e\000m\000o\000v\000e\000\137\000c\000l\000i\000e\000n\000t\000\050\000\051}{subsection.6.5.2}% 78
\BOOKMARK [3][-]{subsubsection.6.5.2.7}{\376\377\0006\000.\0005\000.\0002\000.\0007\000\040\000r\000e\000m\000o\000v\000e\000\137\000p\000u\000b\000l\000i\000s\000h\000e\000r\000\050\000\051}{subsection.6.5.2}% 79
\BOOKMARK [3][-]{subsubsection.6.5.2.8}{\376\377\0006\000.\0005\000.\0002\000.\0008\000\040\000r\000e\000m\000o\000v\000e\000\137\000s\000e\000r\000v\000i\000c\000e\000\050\000\051}{subsection.6.5.2}% 80
\BOOKMARK [3][-]{subsubsection.6.5.2.9}{\376\377\0006\000.\0005\000.\0002\000.\0009\000\040\000r\000e\000m\000o\000v\000e\000\137\000s\000u\000b\000s\000c\000r\000i\000b\000e\000r\000\050\000\051}{subsection.6.5.2}% 81
\BOOKMARK [1][-]{section.6.6}{\376\377\0006\000.\0006\000\040\000D\000e\000s\000e\000r\000t\000P\000u\000b\000l\000i\000s\000h\000e\000r\000\040\000C\000l\000a\000s\000s\000\040\000R\000e\000f\000e\000r\000e\000n\000c\000e}{chapter.6}% 82
\BOOKMARK [2][-]{subsection.6.6.1}{\376\377\0006\000.\0006\000.\0001\000\040\000C\000o\000n\000s\000t\000r\000u\000c\000t\000o\000r\000\040\000\046\000\040\000D\000e\000s\000t\000r\000u\000c\000t\000o\000r\000\040\000D\000o\000c\000u\000m\000e\000n\000t\000a\000t\000i\000o\000n}{section.6.6}% 83
\BOOKMARK [3][-]{subsubsection.6.6.1.1}{\376\377\0006\000.\0006\000.\0001\000.\0001\000\040\000D\000e\000s\000e\000r\000t\000P\000u\000b\000l\000i\000s\000h\000e\000r\000\050\000\051}{subsection.6.6.1}% 84
\BOOKMARK [2][-]{subsection.6.6.2}{\376\377\0006\000.\0006\000.\0002\000\040\000M\000e\000m\000b\000e\000r\000\040\000F\000u\000n\000c\000t\000i\000o\000n\000\040\000D\000o\000c\000u\000m\000e\000n\000t\000a\000t\000i\000o\000n}{section.6.6}% 85
\BOOKMARK [3][-]{subsubsection.6.6.2.1}{\376\377\0006\000.\0006\000.\0002\000.\0001\000\040\000g\000e\000t\000\137\000g\000i\000d\000\050\000\051}{subsection.6.6.2}% 86
\BOOKMARK [3][-]{subsubsection.6.6.2.2}{\376\377\0006\000.\0006\000.\0002\000.\0002\000\040\000g\000e\000t\000\137\000t\000o\000p\000i\000c\000\137\000n\000a\000m\000e\000\050\000\051}{subsection.6.6.2}% 87
\BOOKMARK [3][-]{subsubsection.6.6.2.3}{\376\377\0006\000.\0006\000.\0002\000.\0003\000\040\000g\000e\000t\000\137\000t\000y\000p\000e\000\137\000n\000a\000m\000e\000\050\000\051}{subsection.6.6.2}% 88
\BOOKMARK [3][-]{subsubsection.6.6.2.4}{\376\377\0006\000.\0006\000.\0002\000.\0004\000\040\000p\000u\000s\000h\000\050\000\051}{subsection.6.6.2}% 89
\BOOKMARK [1][-]{section.6.7}{\376\377\0006\000.\0007\000\040\000D\000e\000s\000e\000r\000t\000S\000e\000r\000v\000i\000c\000e\000\040\000C\000l\000a\000s\000s\000\040\000R\000e\000f\000e\000r\000e\000n\000c\000e}{chapter.6}% 90
\BOOKMARK [2][-]{subsection.6.7.1}{\376\377\0006\000.\0007\000.\0001\000\040\000C\000o\000n\000s\000t\000r\000u\000c\000t\000o\000r\000\040\000\046\000\040\000D\000e\000s\000t\000r\000u\000c\000t\000o\000r\000\040\000D\000o\000c\000u\000m\000e\000n\000t\000a\000t\000i\000o\000n}{section.6.7}% 91
\BOOKMARK [3][-]{subsubsection.6.7.1.1}{\376\377\0006\000.\0007\000.\0001\000.\0001\000\040\000D\000e\000s\000e\000r\000t\000S\000e\000r\000v\000i\000c\000e\000\050\000\051}{subsection.6.7.1}% 92
\BOOKMARK [2][-]{subsection.6.7.2}{\376\377\0006\000.\0007\000.\0002\000\040\000M\000e\000m\000b\000e\000r\000\040\000F\000u\000n\000c\000t\000i\000o\000n\000\040\000D\000o\000c\000u\000m\000e\000n\000t\000a\000t\000i\000o\000n}{section.6.7}% 93
\BOOKMARK [3][-]{subsubsection.6.7.2.1}{\376\377\0006\000.\0007\000.\0002\000.\0001\000\040\000g\000e\000t\000\137\000g\000i\000d\000\050\000\051}{subsection.6.7.2}% 94
\BOOKMARK [3][-]{subsubsection.6.7.2.2}{\376\377\0006\000.\0007\000.\0002\000.\0002\000\040\000g\000e\000t\000\137\000r\000e\000q\000u\000e\000s\000t\000\137\000t\000y\000p\000e\000\137\000n\000a\000m\000e\000\050\000\051}{subsection.6.7.2}% 95
\BOOKMARK [3][-]{subsubsection.6.7.2.3}{\376\377\0006\000.\0007\000.\0002\000.\0003\000\040\000g\000e\000t\000\137\000r\000e\000s\000p\000o\000n\000s\000e\000\137\000t\000y\000p\000e\000\137\000n\000a\000m\000e\000\050\000\051}{subsection.6.7.2}% 96
\BOOKMARK [3][-]{subsubsection.6.7.2.4}{\376\377\0006\000.\0007\000.\0002\000.\0004\000\040\000g\000e\000t\000\137\000s\000e\000r\000v\000i\000c\000e\000\137\000n\000a\000m\000e\000\050\000\051}{subsection.6.7.2}% 97
\BOOKMARK [3][-]{subsubsection.6.7.2.5}{\376\377\0006\000.\0007\000.\0002\000.\0005\000\040\000h\000a\000s\000\137\000d\000a\000t\000a\000\050\000\051}{subsection.6.7.2}% 98
\BOOKMARK [3][-]{subsubsection.6.7.2.6}{\376\377\0006\000.\0007\000.\0002\000.\0006\000\040\000r\000e\000a\000d\000\137\000r\000e\000q\000u\000e\000s\000t\000\050\000\051}{subsection.6.7.2}% 99
\BOOKMARK [3][-]{subsubsection.6.7.2.7}{\376\377\0006\000.\0007\000.\0002\000.\0007\000\040\000s\000e\000n\000d\000\137\000r\000e\000s\000p\000o\000n\000s\000e\000\050\000\051}{subsection.6.7.2}% 100
\BOOKMARK [1][-]{section.6.8}{\376\377\0006\000.\0008\000\040\000D\000e\000s\000e\000r\000t\000S\000u\000b\000s\000c\000r\000i\000b\000e\000r\000\040\000C\000l\000a\000s\000s\000\040\000R\000e\000f\000e\000r\000e\000n\000c\000e}{chapter.6}% 101
\BOOKMARK [2][-]{subsection.6.8.1}{\376\377\0006\000.\0008\000.\0001\000\040\000C\000o\000n\000s\000t\000r\000u\000c\000t\000o\000r\000\040\000\046\000\040\000D\000e\000s\000t\000r\000u\000c\000t\000o\000r\000\040\000D\000o\000c\000u\000m\000e\000n\000t\000a\000t\000i\000o\000n}{section.6.8}% 102
\BOOKMARK [3][-]{subsubsection.6.8.1.1}{\376\377\0006\000.\0008\000.\0001\000.\0001\000\040\000D\000e\000s\000e\000r\000t\000S\000u\000b\000s\000c\000r\000i\000b\000e\000r\000\050\000\051}{subsection.6.8.1}% 103
\BOOKMARK [2][-]{subsection.6.8.2}{\376\377\0006\000.\0008\000.\0002\000\040\000M\000e\000m\000b\000e\000r\000\040\000F\000u\000n\000c\000t\000i\000o\000n\000\040\000D\000o\000c\000u\000m\000e\000n\000t\000a\000t\000i\000o\000n}{section.6.8}% 104
\BOOKMARK [3][-]{subsubsection.6.8.2.1}{\376\377\0006\000.\0008\000.\0002\000.\0001\000\040\000g\000e\000t\000\137\000g\000i\000d\000\050\000\051}{subsection.6.8.2}% 105
\BOOKMARK [3][-]{subsubsection.6.8.2.2}{\376\377\0006\000.\0008\000.\0002\000.\0002\000\040\000g\000e\000t\000\137\000t\000o\000p\000i\000c\000\137\000n\000a\000m\000e\000\050\000\051}{subsection.6.8.2}% 106
\BOOKMARK [3][-]{subsubsection.6.8.2.3}{\376\377\0006\000.\0008\000.\0002\000.\0003\000\040\000g\000e\000t\000\137\000t\000y\000p\000e\000\137\000n\000a\000m\000e\000\050\000\051}{subsection.6.8.2}% 107
\BOOKMARK [3][-]{subsubsection.6.8.2.4}{\376\377\0006\000.\0008\000.\0002\000.\0004\000\040\000h\000a\000s\000\137\000d\000a\000t\000a\000\050\000\051}{subsection.6.8.2}% 108
\BOOKMARK [3][-]{subsubsection.6.8.2.5}{\376\377\0006\000.\0008\000.\0002\000.\0005\000\040\000r\000e\000a\000d\000\137\000d\000a\000t\000a\000\050\000\051}{subsection.6.8.2}% 109
\BOOKMARK [1][-]{section.6.9}{\376\377\0006\000.\0009\000\040\000D\000e\000s\000e\000r\000t\000W\000a\000i\000t\000s\000e\000t\000\040\000C\000l\000a\000s\000s\000\040\000R\000e\000f\000e\000r\000e\000n\000c\000e}{chapter.6}% 110
\BOOKMARK [1][-]{section.6.10}{\376\377\0006\000.\0001\0000\000\040\000c\000b\000o\000r\000:\000:\000T\000x\000S\000t\000r\000e\000a\000m\000:\000:\000E\000R\000R\000O\000R\000\040\000S\000t\000r\000u\000c\000t\000\040\000R\000e\000f\000e\000r\000e\000n\000c\000e}{chapter.6}% 111
\BOOKMARK [1][-]{section.6.11}{\376\377\0006\000.\0001\0001\000\040\000G\000e\000n\000e\000r\000i\000c\000C\000S\000e\000q\000u\000e\000n\000c\000e\000<\000\040\000T\000\040\000>\000\040\000S\000t\000r\000u\000c\000t\000\040\000T\000e\000m\000p\000l\000a\000t\000e\000\040\000R\000e\000f\000e\000r\000e\000n\000c\000e}{chapter.6}% 112
\BOOKMARK [1][-]{section.6.12}{\376\377\0006\000.\0001\0002\000\040\000c\000b\000o\000r\000:\000:\000R\000x\000S\000t\000r\000e\000a\000m\000:\000:\000I\000T\000E\000M\000\040\000S\000t\000r\000u\000c\000t\000\040\000R\000e\000f\000e\000r\000e\000n\000c\000e}{chapter.6}% 113
\BOOKMARK [1][-]{section.6.13}{\376\377\0006\000.\0001\0003\000\040\000r\000m\000w\000\137\000c\000o\000n\000t\000e\000x\000t\000\137\000i\000m\000p\000l\000\137\000s\000\040\000S\000t\000r\000u\000c\000t\000\040\000R\000e\000f\000e\000r\000e\000n\000c\000e}{chapter.6}% 114
\BOOKMARK [1][-]{section.6.14}{\376\377\0006\000.\0001\0004\000\040\000c\000b\000o\000r\000:\000:\000R\000x\000S\000t\000r\000e\000a\000m\000\040\000C\000l\000a\000s\000s\000\040\000R\000e\000f\000e\000r\000e\000n\000c\000e}{chapter.6}% 115
\BOOKMARK [2][-]{subsection.6.14.1}{\376\377\0006\000.\0001\0004\000.\0001\000\040\000C\000o\000n\000s\000t\000r\000u\000c\000t\000o\000r\000\040\000\046\000\040\000D\000e\000s\000t\000r\000u\000c\000t\000o\000r\000\040\000D\000o\000c\000u\000m\000e\000n\000t\000a\000t\000i\000o\000n}{section.6.14}% 116
\BOOKMARK [3][-]{subsubsection.6.14.1.1}{\376\377\0006\000.\0001\0004\000.\0001\000.\0001\000\040\000R\000x\000S\000t\000r\000e\000a\000m\000\050\000\051}{subsection.6.14.1}% 117
\BOOKMARK [2][-]{subsection.6.14.2}{\376\377\0006\000.\0001\0004\000.\0002\000\040\000M\000e\000m\000b\000e\000r\000\040\000F\000u\000n\000c\000t\000i\000o\000n\000\040\000D\000o\000c\000u\000m\000e\000n\000t\000a\000t\000i\000o\000n}{section.6.14}% 118
\BOOKMARK [3][-]{subsubsection.6.14.2.1}{\376\377\0006\000.\0001\0004\000.\0002\000.\0001\000\040\000c\000l\000e\000a\000r\000\137\000b\000u\000f\000f\000e\000r\000\050\000\051}{subsection.6.14.2}% 119
\BOOKMARK [3][-]{subsubsection.6.14.2.2}{\376\377\0006\000.\0001\0004\000.\0002\000.\0002\000\040\000d\000a\000t\000a\000\137\000a\000v\000a\000i\000l\000a\000b\000l\000e\000\050\000\051}{subsection.6.14.2}% 120
\BOOKMARK [3][-]{subsubsection.6.14.2.3}{\376\377\0006\000.\0001\0004\000.\0002\000.\0003\000\040\000d\000e\000s\000e\000r\000i\000a\000l\000i\000z\000e\000\137\000s\000e\000q\000u\000e\000n\000c\000e\000\050\000\051}{subsection.6.14.2}% 121
\BOOKMARK [3][-]{subsubsection.6.14.2.4}{\376\377\0006\000.\0001\0004\000.\0002\000.\0004\000\040\000g\000e\000t\000\137\000i\000d\000e\000n\000t\000i\000f\000i\000e\000r\000\050\000\051}{subsection.6.14.2}% 122
\BOOKMARK [3][-]{subsubsection.6.14.2.5}{\376\377\0006\000.\0001\0004\000.\0002\000.\0005\000\040\000g\000e\000t\000\137\000n\000a\000m\000e\000\050\000\051}{subsection.6.14.2}% 123
\BOOKMARK [3][-]{subsubsection.6.14.2.6}{\376\377\0006\000.\0001\0004\000.\0002\000.\0006\000\040\000g\000e\000t\000\137\000t\000y\000p\000e\000\050\000\051}{subsection.6.14.2}% 124
\BOOKMARK [3][-]{subsubsection.6.14.2.7}{\376\377\0006\000.\0001\0004\000.\0002\000.\0007\000\040\000i\000n\000t\000e\000r\000p\000r\000e\000t\000\137\000p\000a\000c\000k\000e\000t\000s\000\050\000\051}{subsection.6.14.2}% 125
\BOOKMARK [3][-]{subsubsection.6.14.2.8}{\376\377\0006\000.\0001\0004\000.\0002\000.\0008\000\040\000o\000p\000e\000r\000a\000t\000o\000r\000>\000>\000\050\000\051\000\040\000[\0001\000/\0001\0006\000]}{subsection.6.14.2}% 126
\BOOKMARK [3][-]{subsubsection.6.14.2.9}{\376\377\0006\000.\0001\0004\000.\0002\000.\0009\000\040\000o\000p\000e\000r\000a\000t\000o\000r\000>\000>\000\050\000\051\000\040\000[\0002\000/\0001\0006\000]}{subsection.6.14.2}% 127
\BOOKMARK [3][-]{subsubsection.6.14.2.10}{\376\377\0006\000.\0001\0004\000.\0002\000.\0001\0000\000\040\000o\000p\000e\000r\000a\000t\000o\000r\000>\000>\000\050\000\051\000\040\000[\0003\000/\0001\0006\000]}{subsection.6.14.2}% 128
\BOOKMARK [3][-]{subsubsection.6.14.2.11}{\376\377\0006\000.\0001\0004\000.\0002\000.\0001\0001\000\040\000o\000p\000e\000r\000a\000t\000o\000r\000>\000>\000\050\000\051\000\040\000[\0004\000/\0001\0006\000]}{subsection.6.14.2}% 129
\BOOKMARK [3][-]{subsubsection.6.14.2.12}{\376\377\0006\000.\0001\0004\000.\0002\000.\0001\0002\000\040\000o\000p\000e\000r\000a\000t\000o\000r\000>\000>\000\050\000\051\000\040\000[\0005\000/\0001\0006\000]}{subsection.6.14.2}% 130
\BOOKMARK [3][-]{subsubsection.6.14.2.13}{\376\377\0006\000.\0001\0004\000.\0002\000.\0001\0003\000\040\000o\000p\000e\000r\000a\000t\000o\000r\000>\000>\000\050\000\051\000\040\000[\0006\000/\0001\0006\000]}{subsection.6.14.2}% 131
\BOOKMARK [3][-]{subsubsection.6.14.2.14}{\376\377\0006\000.\0001\0004\000.\0002\000.\0001\0004\000\040\000o\000p\000e\000r\000a\000t\000o\000r\000>\000>\000\050\000\051\000\040\000[\0007\000/\0001\0006\000]}{subsection.6.14.2}% 132
\BOOKMARK [3][-]{subsubsection.6.14.2.15}{\376\377\0006\000.\0001\0004\000.\0002\000.\0001\0005\000\040\000o\000p\000e\000r\000a\000t\000o\000r\000>\000>\000\050\000\051\000\040\000[\0008\000/\0001\0006\000]}{subsection.6.14.2}% 133
\BOOKMARK [3][-]{subsubsection.6.14.2.16}{\376\377\0006\000.\0001\0004\000.\0002\000.\0001\0006\000\040\000o\000p\000e\000r\000a\000t\000o\000r\000>\000>\000\050\000\051\000\040\000[\0009\000/\0001\0006\000]}{subsection.6.14.2}% 134
\BOOKMARK [3][-]{subsubsection.6.14.2.17}{\376\377\0006\000.\0001\0004\000.\0002\000.\0001\0007\000\040\000o\000p\000e\000r\000a\000t\000o\000r\000>\000>\000\050\000\051\000\040\000[\0001\0000\000/\0001\0006\000]}{subsection.6.14.2}% 135
\BOOKMARK [3][-]{subsubsection.6.14.2.18}{\376\377\0006\000.\0001\0004\000.\0002\000.\0001\0008\000\040\000o\000p\000e\000r\000a\000t\000o\000r\000>\000>\000\050\000\051\000\040\000[\0001\0001\000/\0001\0006\000]}{subsection.6.14.2}% 136
\BOOKMARK [3][-]{subsubsection.6.14.2.19}{\376\377\0006\000.\0001\0004\000.\0002\000.\0001\0009\000\040\000o\000p\000e\000r\000a\000t\000o\000r\000>\000>\000\050\000\051\000\040\000[\0001\0002\000/\0001\0006\000]}{subsection.6.14.2}% 137
\BOOKMARK [3][-]{subsubsection.6.14.2.20}{\376\377\0006\000.\0001\0004\000.\0002\000.\0002\0000\000\040\000o\000p\000e\000r\000a\000t\000o\000r\000>\000>\000\050\000\051\000\040\000[\0001\0003\000/\0001\0006\000]}{subsection.6.14.2}% 138
\BOOKMARK [3][-]{subsubsection.6.14.2.21}{\376\377\0006\000.\0001\0004\000.\0002\000.\0002\0001\000\040\000o\000p\000e\000r\000a\000t\000o\000r\000>\000>\000\050\000\051\000\040\000[\0001\0004\000/\0001\0006\000]}{subsection.6.14.2}% 139
\BOOKMARK [3][-]{subsubsection.6.14.2.22}{\376\377\0006\000.\0001\0004\000.\0002\000.\0002\0002\000\040\000o\000p\000e\000r\000a\000t\000o\000r\000>\000>\000\050\000\051\000\040\000[\0001\0005\000/\0001\0006\000]}{subsection.6.14.2}% 140
\BOOKMARK [3][-]{subsubsection.6.14.2.23}{\376\377\0006\000.\0001\0004\000.\0002\000.\0002\0003\000\040\000o\000p\000e\000r\000a\000t\000o\000r\000>\000>\000\050\000\051\000\040\000[\0001\0006\000/\0001\0006\000]}{subsection.6.14.2}% 141
\BOOKMARK [3][-]{subsubsection.6.14.2.24}{\376\377\0006\000.\0001\0004\000.\0002\000.\0002\0004\000\040\000p\000u\000s\000h\000\137\000p\000a\000c\000k\000e\000t\000\050\000\051}{subsection.6.14.2}% 142
\BOOKMARK [1][-]{section.6.15}{\376\377\0006\000.\0001\0005\000\040\000s\000e\000c\000u\000r\000i\000t\000y\000:\000:\000S\000e\000c\000u\000r\000i\000t\000y\000L\000a\000y\000e\000r\000\040\000C\000l\000a\000s\000s\000\040\000R\000e\000f\000e\000r\000e\000n\000c\000e}{chapter.6}% 143
\BOOKMARK [1][-]{section.6.16}{\376\377\0006\000.\0001\0006\000\040\000T\000c\000p\000D\000a\000e\000m\000o\000n\000\040\000C\000l\000a\000s\000s\000\040\000R\000e\000f\000e\000r\000e\000n\000c\000e}{chapter.6}% 144
\BOOKMARK [2][-]{subsection.6.16.1}{\376\377\0006\000.\0001\0006\000.\0001\000\040\000M\000e\000m\000b\000e\000r\000\040\000F\000u\000n\000c\000t\000i\000o\000n\000\040\000D\000o\000c\000u\000m\000e\000n\000t\000a\000t\000i\000o\000n}{section.6.16}% 145
\BOOKMARK [3][-]{subsubsection.6.16.1.1}{\376\377\0006\000.\0001\0006\000.\0001\000.\0001\000\040\000e\000n\000q\000u\000e\000u\000e\000\137\000p\000a\000c\000k\000e\000t\000\050\000\051}{subsection.6.16.1}% 146
\BOOKMARK [3][-]{subsubsection.6.16.1.2}{\376\377\0006\000.\0001\0006\000.\0001\000.\0002\000\040\000i\000n\000i\000t\000\050\000\051}{subsection.6.16.1}% 147
\BOOKMARK [3][-]{subsubsection.6.16.1.3}{\376\377\0006\000.\0001\0006\000.\0001\000.\0003\000\040\000r\000e\000a\000d\000\137\000p\000a\000c\000k\000e\000t\000\050\000\051}{subsection.6.16.1}% 148
\BOOKMARK [1][-]{section.6.17}{\376\377\0006\000.\0001\0007\000\040\000T\000o\000p\000i\000c\000s\000C\000o\000n\000f\000i\000g\000\040\000C\000l\000a\000s\000s\000\040\000R\000e\000f\000e\000r\000e\000n\000c\000e}{chapter.6}% 149
\BOOKMARK [2][-]{subsection.6.17.1}{\376\377\0006\000.\0001\0007\000.\0001\000\040\000M\000e\000m\000b\000e\000r\000\040\000F\000u\000n\000c\000t\000i\000o\000n\000\040\000D\000o\000c\000u\000m\000e\000n\000t\000a\000t\000i\000o\000n}{section.6.17}% 150
\BOOKMARK [3][-]{subsubsection.6.17.1.1}{\376\377\0006\000.\0001\0007\000.\0001\000.\0001\000\040\000g\000e\000t\000\137\000i\000d\000e\000n\000t\000i\000f\000i\000e\000r\000\137\000t\000o\000p\000i\000c\000\050\000\051}{subsection.6.17.1}% 151
\BOOKMARK [3][-]{subsubsection.6.17.1.2}{\376\377\0006\000.\0001\0007\000.\0001\000.\0002\000\040\000g\000e\000t\000\137\000t\000o\000p\000i\000c\000\137\000i\000d\000e\000n\000t\000i\000f\000i\000e\000r\000\050\000\051}{subsection.6.17.1}% 152
\BOOKMARK [3][-]{subsubsection.6.17.1.3}{\376\377\0006\000.\0001\0007\000.\0001\000.\0003\000\040\000l\000o\000a\000d\000\137\000c\000o\000n\000f\000i\000g\000u\000r\000a\000t\000i\000o\000n\000\050\000\051}{subsection.6.17.1}% 153
\BOOKMARK [1][-]{section.6.18}{\376\377\0006\000.\0001\0008\000\040\000c\000b\000o\000r\000:\000:\000T\000x\000S\000t\000r\000e\000a\000m\000\040\000C\000l\000a\000s\000s\000\040\000R\000e\000f\000e\000r\000e\000n\000c\000e}{chapter.6}% 154
\BOOKMARK [2][-]{subsection.6.18.1}{\376\377\0006\000.\0001\0008\000.\0001\000\040\000C\000o\000n\000s\000t\000r\000u\000c\000t\000o\000r\000\040\000\046\000\040\000D\000e\000s\000t\000r\000u\000c\000t\000o\000r\000\040\000D\000o\000c\000u\000m\000e\000n\000t\000a\000t\000i\000o\000n}{section.6.18}% 155
\BOOKMARK [3][-]{subsubsection.6.18.1.1}{\376\377\0006\000.\0001\0008\000.\0001\000.\0001\000\040\000T\000x\000S\000t\000r\000e\000a\000m\000\050\000\051}{subsection.6.18.1}% 156
\BOOKMARK [2][-]{subsection.6.18.2}{\376\377\0006\000.\0001\0008\000.\0002\000\040\000M\000e\000m\000b\000e\000r\000\040\000F\000u\000n\000c\000t\000i\000o\000n\000\040\000D\000o\000c\000u\000m\000e\000n\000t\000a\000t\000i\000o\000n}{section.6.18}% 157
\BOOKMARK [3][-]{subsubsection.6.18.2.1}{\376\377\0006\000.\0001\0008\000.\0002\000.\0001\000\040\000e\000n\000d\000\137\000t\000r\000a\000n\000s\000m\000i\000s\000s\000i\000o\000n\000\050\000\051}{subsection.6.18.2}% 158
\BOOKMARK [3][-]{subsubsection.6.18.2.2}{\376\377\0006\000.\0001\0008\000.\0002\000.\0002\000\040\000o\000p\000e\000r\000a\000t\000o\000r\000<\000<\000\050\000\051\000\040\000[\0001\000/\0001\0006\000]}{subsection.6.18.2}% 159
\BOOKMARK [3][-]{subsubsection.6.18.2.3}{\376\377\0006\000.\0001\0008\000.\0002\000.\0003\000\040\000o\000p\000e\000r\000a\000t\000o\000r\000<\000<\000\050\000\051\000\040\000[\0002\000/\0001\0006\000]}{subsection.6.18.2}% 160
\BOOKMARK [3][-]{subsubsection.6.18.2.4}{\376\377\0006\000.\0001\0008\000.\0002\000.\0004\000\040\000o\000p\000e\000r\000a\000t\000o\000r\000<\000<\000\050\000\051\000\040\000[\0003\000/\0001\0006\000]}{subsection.6.18.2}% 161
\BOOKMARK [3][-]{subsubsection.6.18.2.5}{\376\377\0006\000.\0001\0008\000.\0002\000.\0005\000\040\000o\000p\000e\000r\000a\000t\000o\000r\000<\000<\000\050\000\051\000\040\000[\0004\000/\0001\0006\000]}{subsection.6.18.2}% 162
\BOOKMARK [3][-]{subsubsection.6.18.2.6}{\376\377\0006\000.\0001\0008\000.\0002\000.\0006\000\040\000o\000p\000e\000r\000a\000t\000o\000r\000<\000<\000\050\000\051\000\040\000[\0005\000/\0001\0006\000]}{subsection.6.18.2}% 163
\BOOKMARK [3][-]{subsubsection.6.18.2.7}{\376\377\0006\000.\0001\0008\000.\0002\000.\0007\000\040\000o\000p\000e\000r\000a\000t\000o\000r\000<\000<\000\050\000\051\000\040\000[\0006\000/\0001\0006\000]}{subsection.6.18.2}% 164
\BOOKMARK [3][-]{subsubsection.6.18.2.8}{\376\377\0006\000.\0001\0008\000.\0002\000.\0008\000\040\000o\000p\000e\000r\000a\000t\000o\000r\000<\000<\000\050\000\051\000\040\000[\0007\000/\0001\0006\000]}{subsection.6.18.2}% 165
\BOOKMARK [3][-]{subsubsection.6.18.2.9}{\376\377\0006\000.\0001\0008\000.\0002\000.\0009\000\040\000o\000p\000e\000r\000a\000t\000o\000r\000<\000<\000\050\000\051\000\040\000[\0008\000/\0001\0006\000]}{subsection.6.18.2}% 166
\BOOKMARK [3][-]{subsubsection.6.18.2.10}{\376\377\0006\000.\0001\0008\000.\0002\000.\0001\0000\000\040\000o\000p\000e\000r\000a\000t\000o\000r\000<\000<\000\050\000\051\000\040\000[\0009\000/\0001\0006\000]}{subsection.6.18.2}% 167
\BOOKMARK [3][-]{subsubsection.6.18.2.11}{\376\377\0006\000.\0001\0008\000.\0002\000.\0001\0001\000\040\000o\000p\000e\000r\000a\000t\000o\000r\000<\000<\000\050\000\051\000\040\000[\0001\0000\000/\0001\0006\000]}{subsection.6.18.2}% 168
\BOOKMARK [3][-]{subsubsection.6.18.2.12}{\376\377\0006\000.\0001\0008\000.\0002\000.\0001\0002\000\040\000o\000p\000e\000r\000a\000t\000o\000r\000<\000<\000\050\000\051\000\040\000[\0001\0001\000/\0001\0006\000]}{subsection.6.18.2}% 169
\BOOKMARK [3][-]{subsubsection.6.18.2.13}{\376\377\0006\000.\0001\0008\000.\0002\000.\0001\0003\000\040\000o\000p\000e\000r\000a\000t\000o\000r\000<\000<\000\050\000\051\000\040\000[\0001\0002\000/\0001\0006\000]}{subsection.6.18.2}% 170
\BOOKMARK [3][-]{subsubsection.6.18.2.14}{\376\377\0006\000.\0001\0008\000.\0002\000.\0001\0004\000\040\000o\000p\000e\000r\000a\000t\000o\000r\000<\000<\000\050\000\051\000\040\000[\0001\0003\000/\0001\0006\000]}{subsection.6.18.2}% 171
\BOOKMARK [3][-]{subsubsection.6.18.2.15}{\376\377\0006\000.\0001\0008\000.\0002\000.\0001\0005\000\040\000o\000p\000e\000r\000a\000t\000o\000r\000<\000<\000\050\000\051\000\040\000[\0001\0004\000/\0001\0006\000]}{subsection.6.18.2}% 172
\BOOKMARK [3][-]{subsubsection.6.18.2.16}{\376\377\0006\000.\0001\0008\000.\0002\000.\0001\0006\000\040\000o\000p\000e\000r\000a\000t\000o\000r\000<\000<\000\050\000\051\000\040\000[\0001\0005\000/\0001\0006\000]}{subsection.6.18.2}% 173
\BOOKMARK [3][-]{subsubsection.6.18.2.17}{\376\377\0006\000.\0001\0008\000.\0002\000.\0001\0007\000\040\000o\000p\000e\000r\000a\000t\000o\000r\000<\000<\000\050\000\051\000\040\000[\0001\0006\000/\0001\0006\000]}{subsection.6.18.2}% 174
\BOOKMARK [3][-]{subsubsection.6.18.2.18}{\376\377\0006\000.\0001\0008\000.\0002\000.\0001\0008\000\040\000s\000e\000r\000i\000a\000l\000i\000z\000e\000\137\000s\000e\000q\000u\000e\000n\000c\000e\000\050\000\051}{subsection.6.18.2}% 175
\BOOKMARK [3][-]{subsubsection.6.18.2.19}{\376\377\0006\000.\0001\0008\000.\0002\000.\0001\0009\000\040\000s\000t\000a\000r\000t\000\137\000t\000r\000a\000n\000s\000m\000i\000s\000s\000i\000o\000n\000\050\000\051\000\040\000[\0001\000/\0002\000]}{subsection.6.18.2}% 176
\BOOKMARK [3][-]{subsubsection.6.18.2.20}{\376\377\0006\000.\0001\0008\000.\0002\000.\0002\0000\000\040\000s\000t\000a\000r\000t\000\137\000t\000r\000a\000n\000s\000m\000i\000s\000s\000i\000o\000n\000\050\000\051\000\040\000[\0002\000/\0002\000]}{subsection.6.18.2}% 177
\BOOKMARK [1][-]{section.6.19}{\376\377\0006\000.\0001\0009\000\040\000c\000b\000o\000r\000:\000:\000T\000x\000S\000t\000r\000e\000a\000m\000:\000:\000W\000R\000I\000T\000E\000R\000\040\000S\000t\000r\000u\000c\000t\000\040\000R\000e\000f\000e\000r\000e\000n\000c\000e}{chapter.6}% 178
\BOOKMARK [0][-]{chapter.7}{\376\377\0007\000\040\000F\000i\000l\000e\000\040\000D\000o\000c\000u\000m\000e\000n\000t\000a\000t\000i\000o\000n}{}% 179
\BOOKMARK [1][-]{section.7.1}{\376\377\0007\000.\0001\000\040\000s\000r\000c\000/\000d\000e\000s\000e\000r\000t\000\137\000c\000l\000a\000s\000s\000e\000s\000/\000C\000B\000o\000r\000S\000t\000r\000e\000a\000m\000.\000h\000\040\000F\000i\000l\000e\000\040\000R\000e\000f\000e\000r\000e\000n\000c\000e}{chapter.7}% 180
\BOOKMARK [2][-]{subsection.7.1.1}{\376\377\0007\000.\0001\000.\0001\000\040\000D\000e\000t\000a\000i\000l\000e\000d\000\040\000D\000e\000s\000c\000r\000i\000p\000t\000i\000o\000n}{section.7.1}% 181
\BOOKMARK [1][-]{section.7.2}{\376\377\0007\000.\0002\000\040\000C\000B\000o\000r\000S\000t\000r\000e\000a\000m\000.\000h}{chapter.7}% 182
\BOOKMARK [1][-]{section.7.3}{\376\377\0007\000.\0003\000\040\000s\000r\000c\000/\000d\000e\000s\000e\000r\000t\000\137\000c\000l\000a\000s\000s\000e\000s\000/\000C\000S\000t\000r\000i\000n\000g\000H\000e\000l\000p\000e\000r\000.\000h\000\040\000F\000i\000l\000e\000\040\000R\000e\000f\000e\000r\000e\000n\000c\000e}{chapter.7}% 183
\BOOKMARK [2][-]{subsection.7.3.1}{\376\377\0007\000.\0003\000.\0001\000\040\000D\000e\000t\000a\000i\000l\000e\000d\000\040\000D\000e\000s\000c\000r\000i\000p\000t\000i\000o\000n}{section.7.3}% 184
\BOOKMARK [1][-]{section.7.4}{\376\377\0007\000.\0004\000\040\000C\000S\000t\000r\000i\000n\000g\000H\000e\000l\000p\000e\000r\000.\000h}{chapter.7}% 185
\BOOKMARK [1][-]{section.7.5}{\376\377\0007\000.\0005\000\040\000s\000r\000c\000/\000d\000e\000s\000e\000r\000t\000\137\000c\000l\000a\000s\000s\000e\000s\000/\000d\000e\000m\000a\000n\000g\000l\000e\000.\000h\000\040\000F\000i\000l\000e\000\040\000R\000e\000f\000e\000r\000e\000n\000c\000e}{chapter.7}% 186
\BOOKMARK [2][-]{subsection.7.5.1}{\376\377\0007\000.\0005\000.\0001\000\040\000D\000e\000t\000a\000i\000l\000e\000d\000\040\000D\000e\000s\000c\000r\000i\000p\000t\000i\000o\000n}{section.7.5}% 187
\BOOKMARK [1][-]{section.7.6}{\376\377\0007\000.\0006\000\040\000d\000e\000m\000a\000n\000g\000l\000e\000.\000h}{chapter.7}% 188
\BOOKMARK [1][-]{section.7.7}{\376\377\0007\000.\0007\000\040\000s\000r\000c\000/\000d\000e\000s\000e\000r\000t\000\137\000c\000l\000a\000s\000s\000e\000s\000/\000D\000e\000s\000e\000r\000t\000C\000l\000i\000e\000n\000t\000.\000h\000\040\000F\000i\000l\000e\000\040\000R\000e\000f\000e\000r\000e\000n\000c\000e}{chapter.7}% 189
\BOOKMARK [2][-]{subsection.7.7.1}{\376\377\0007\000.\0007\000.\0001\000\040\000D\000e\000t\000a\000i\000l\000e\000d\000\040\000D\000e\000s\000c\000r\000i\000p\000t\000i\000o\000n}{section.7.7}% 190
\BOOKMARK [1][-]{section.7.8}{\376\377\0007\000.\0008\000\040\000D\000e\000s\000e\000r\000t\000C\000l\000i\000e\000n\000t\000.\000h}{chapter.7}% 191
\BOOKMARK [1][-]{section.7.9}{\376\377\0007\000.\0009\000\040\000s\000r\000c\000/\000d\000e\000s\000e\000r\000t\000\137\000c\000l\000a\000s\000s\000e\000s\000/\000D\000e\000s\000e\000r\000t\000G\000u\000a\000r\000d\000C\000o\000n\000d\000i\000t\000i\000o\000n\000.\000h\000\040\000F\000i\000l\000e\000\040\000R\000e\000f\000e\000r\000e\000n\000c\000e}{chapter.7}% 192
\BOOKMARK [2][-]{subsection.7.9.1}{\376\377\0007\000.\0009\000.\0001\000\040\000D\000e\000t\000a\000i\000l\000e\000d\000\040\000D\000e\000s\000c\000r\000i\000p\000t\000i\000o\000n}{section.7.9}% 193
\BOOKMARK [1][-]{section.7.10}{\376\377\0007\000.\0001\0000\000\040\000D\000e\000s\000e\000r\000t\000G\000u\000a\000r\000d\000C\000o\000n\000d\000i\000t\000i\000o\000n\000.\000h}{chapter.7}% 194
\BOOKMARK [1][-]{section.7.11}{\376\377\0007\000.\0001\0001\000\040\000s\000r\000c\000/\000d\000e\000s\000e\000r\000t\000\137\000c\000l\000a\000s\000s\000e\000s\000/\000D\000e\000s\000e\000r\000t\000N\000o\000d\000e\000.\000h\000\040\000F\000i\000l\000e\000\040\000R\000e\000f\000e\000r\000e\000n\000c\000e}{chapter.7}% 195
\BOOKMARK [2][-]{subsection.7.11.1}{\376\377\0007\000.\0001\0001\000.\0001\000\040\000D\000e\000t\000a\000i\000l\000e\000d\000\040\000D\000e\000s\000c\000r\000i\000p\000t\000i\000o\000n}{section.7.11}% 196
\BOOKMARK [1][-]{section.7.12}{\376\377\0007\000.\0001\0002\000\040\000D\000e\000s\000e\000r\000t\000N\000o\000d\000e\000.\000h}{chapter.7}% 197
\BOOKMARK [1][-]{section.7.13}{\376\377\0007\000.\0001\0003\000\040\000s\000r\000c\000/\000d\000e\000s\000e\000r\000t\000\137\000c\000l\000a\000s\000s\000e\000s\000/\000D\000e\000s\000e\000r\000t\000P\000u\000b\000l\000i\000s\000h\000e\000r\000.\000h\000\040\000F\000i\000l\000e\000\040\000R\000e\000f\000e\000r\000e\000n\000c\000e}{chapter.7}% 198
\BOOKMARK [2][-]{subsection.7.13.1}{\376\377\0007\000.\0001\0003\000.\0001\000\040\000D\000e\000t\000a\000i\000l\000e\000d\000\040\000D\000e\000s\000c\000r\000i\000p\000t\000i\000o\000n}{section.7.13}% 199
\BOOKMARK [1][-]{section.7.14}{\376\377\0007\000.\0001\0004\000\040\000D\000e\000s\000e\000r\000t\000P\000u\000b\000l\000i\000s\000h\000e\000r\000.\000h}{chapter.7}% 200
\BOOKMARK [1][-]{section.7.15}{\376\377\0007\000.\0001\0005\000\040\000s\000r\000c\000/\000d\000e\000s\000e\000r\000t\000\137\000c\000l\000a\000s\000s\000e\000s\000/\000D\000e\000s\000e\000r\000t\000S\000e\000r\000v\000i\000c\000e\000.\000h\000\040\000F\000i\000l\000e\000\040\000R\000e\000f\000e\000r\000e\000n\000c\000e}{chapter.7}% 201
\BOOKMARK [2][-]{subsection.7.15.1}{\376\377\0007\000.\0001\0005\000.\0001\000\040\000D\000e\000t\000a\000i\000l\000e\000d\000\040\000D\000e\000s\000c\000r\000i\000p\000t\000i\000o\000n}{section.7.15}% 202
\BOOKMARK [1][-]{section.7.16}{\376\377\0007\000.\0001\0006\000\040\000D\000e\000s\000e\000r\000t\000S\000e\000r\000v\000i\000c\000e\000.\000h}{chapter.7}% 203
\BOOKMARK [1][-]{section.7.17}{\376\377\0007\000.\0001\0007\000\040\000s\000r\000c\000/\000d\000e\000s\000e\000r\000t\000\137\000c\000l\000a\000s\000s\000e\000s\000/\000D\000e\000s\000e\000r\000t\000S\000u\000b\000s\000c\000r\000i\000b\000e\000r\000.\000h\000\040\000F\000i\000l\000e\000\040\000R\000e\000f\000e\000r\000e\000n\000c\000e}{chapter.7}% 204
\BOOKMARK [2][-]{subsection.7.17.1}{\376\377\0007\000.\0001\0007\000.\0001\000\040\000D\000e\000t\000a\000i\000l\000e\000d\000\040\000D\000e\000s\000c\000r\000i\000p\000t\000i\000o\000n}{section.7.17}% 205
\BOOKMARK [1][-]{section.7.18}{\376\377\0007\000.\0001\0008\000\040\000D\000e\000s\000e\000r\000t\000S\000u\000b\000s\000c\000r\000i\000b\000e\000r\000.\000h}{chapter.7}% 206
\BOOKMARK [1][-]{section.7.19}{\376\377\0007\000.\0001\0009\000\040\000s\000r\000c\000/\000d\000e\000s\000e\000r\000t\000\137\000c\000l\000a\000s\000s\000e\000s\000/\000D\000e\000s\000e\000r\000t\000W\000a\000i\000t\000S\000e\000t\000.\000h\000\040\000F\000i\000l\000e\000\040\000R\000e\000f\000e\000r\000e\000n\000c\000e}{chapter.7}% 207
\BOOKMARK [2][-]{subsection.7.19.1}{\376\377\0007\000.\0001\0009\000.\0001\000\040\000D\000e\000t\000a\000i\000l\000e\000d\000\040\000D\000e\000s\000c\000r\000i\000p\000t\000i\000o\000n}{section.7.19}% 208
\BOOKMARK [1][-]{section.7.20}{\376\377\0007\000.\0002\0000\000\040\000D\000e\000s\000e\000r\000t\000W\000a\000i\000t\000S\000e\000t\000.\000h}{chapter.7}% 209
\BOOKMARK [1][-]{section.7.21}{\376\377\0007\000.\0002\0001\000\040\000s\000r\000c\000/\000d\000e\000s\000e\000r\000t\000\137\000c\000l\000a\000s\000s\000e\000s\000/\000D\000i\000s\000c\000o\000v\000e\000r\000y\000.\000h\000\040\000F\000i\000l\000e\000\040\000R\000e\000f\000e\000r\000e\000n\000c\000e}{chapter.7}% 210
\BOOKMARK [2][-]{subsection.7.21.1}{\376\377\0007\000.\0002\0001\000.\0001\000\040\000D\000e\000t\000a\000i\000l\000e\000d\000\040\000D\000e\000s\000c\000r\000i\000p\000t\000i\000o\000n}{section.7.21}% 211
\BOOKMARK [1][-]{section.7.22}{\376\377\0007\000.\0002\0002\000\040\000D\000i\000s\000c\000o\000v\000e\000r\000y\000.\000h}{chapter.7}% 212
\BOOKMARK [1][-]{section.7.23}{\376\377\0007\000.\0002\0003\000\040\000s\000r\000c\000/\000d\000e\000s\000e\000r\000t\000\137\000c\000l\000a\000s\000s\000e\000s\000/\000m\000a\000c\000r\000o\000s\000.\000h\000\040\000F\000i\000l\000e\000\040\000R\000e\000f\000e\000r\000e\000n\000c\000e}{chapter.7}% 213
\BOOKMARK [2][-]{subsection.7.23.1}{\376\377\0007\000.\0002\0003\000.\0001\000\040\000D\000e\000t\000a\000i\000l\000e\000d\000\040\000D\000e\000s\000c\000r\000i\000p\000t\000i\000o\000n}{section.7.23}% 214
\BOOKMARK [2][-]{subsection.7.23.2}{\376\377\0007\000.\0002\0003\000.\0002\000\040\000M\000a\000c\000r\000o\000\040\000D\000e\000f\000i\000n\000i\000t\000i\000o\000n\000\040\000D\000o\000c\000u\000m\000e\000n\000t\000a\000t\000i\000o\000n}{section.7.23}% 215
\BOOKMARK [3][-]{subsubsection.7.23.2.1}{\376\377\0007\000.\0002\0003\000.\0002\000.\0001\000\040\000S\000P\000E\000C\000I\000A\000L\000I\000Z\000E\000\137\000G\000E\000N\000E\000R\000I\000C\000\137\000C\000\137\000S\000E\000Q\000U\000E\000N\000C\000E}{subsection.7.23.2}% 216
\BOOKMARK [1][-]{section.7.24}{\376\377\0007\000.\0002\0004\000\040\000m\000a\000c\000r\000o\000s\000.\000h}{chapter.7}% 217
\BOOKMARK [1][-]{section.7.25}{\376\377\0007\000.\0002\0005\000\040\000s\000r\000c\000/\000d\000e\000s\000e\000r\000t\000\137\000c\000l\000a\000s\000s\000e\000s\000/\000M\000e\000s\000s\000a\000g\000e\000S\000e\000r\000i\000a\000l\000i\000z\000a\000t\000i\000o\000n\000.\000h\000\040\000F\000i\000l\000e\000\040\000R\000e\000f\000e\000r\000e\000n\000c\000e}{chapter.7}% 218
\BOOKMARK [2][-]{subsection.7.25.1}{\376\377\0007\000.\0002\0005\000.\0001\000\040\000D\000e\000t\000a\000i\000l\000e\000d\000\040\000D\000e\000s\000c\000r\000i\000p\000t\000i\000o\000n}{section.7.25}% 219
\BOOKMARK [1][-]{section.7.26}{\376\377\0007\000.\0002\0006\000\040\000M\000e\000s\000s\000a\000g\000e\000S\000e\000r\000i\000a\000l\000i\000z\000a\000t\000i\000o\000n\000.\000h}{chapter.7}% 220
\BOOKMARK [1][-]{section.7.27}{\376\377\0007\000.\0002\0007\000\040\000s\000r\000c\000/\000d\000e\000s\000e\000r\000t\000\137\000c\000l\000a\000s\000s\000e\000s\000/\000r\000m\000w\000\137\000c\000o\000n\000t\000e\000x\000t\000\137\000i\000m\000p\000l\000\137\000s\000.\000h\000\040\000F\000i\000l\000e\000\040\000R\000e\000f\000e\000r\000e\000n\000c\000e}{chapter.7}% 221
\BOOKMARK [2][-]{subsection.7.27.1}{\376\377\0007\000.\0002\0007\000.\0001\000\040\000D\000e\000t\000a\000i\000l\000e\000d\000\040\000D\000e\000s\000c\000r\000i\000p\000t\000i\000o\000n}{section.7.27}% 222
\BOOKMARK [1][-]{section.7.28}{\376\377\0007\000.\0002\0008\000\040\000r\000m\000w\000\137\000c\000o\000n\000t\000e\000x\000t\000\137\000i\000m\000p\000l\000\137\000s\000.\000h}{chapter.7}% 223
\BOOKMARK [1][-]{section.7.29}{\376\377\0007\000.\0002\0009\000\040\000s\000r\000c\000/\000d\000e\000s\000e\000r\000t\000\137\000c\000l\000a\000s\000s\000e\000s\000/\000s\000e\000c\000u\000r\000i\000t\000y\000/\000s\000e\000c\000\137\000u\000t\000i\000l\000s\000.\000h\000\040\000F\000i\000l\000e\000\040\000R\000e\000f\000e\000r\000e\000n\000c\000e}{chapter.7}% 224
\BOOKMARK [2][-]{subsection.7.29.1}{\376\377\0007\000.\0002\0009\000.\0001\000\040\000D\000e\000t\000a\000i\000l\000e\000d\000\040\000D\000e\000s\000c\000r\000i\000p\000t\000i\000o\000n}{section.7.29}% 225
\BOOKMARK [1][-]{section.7.30}{\376\377\0007\000.\0003\0000\000\040\000s\000e\000c\000\137\000u\000t\000i\000l\000s\000.\000h}{chapter.7}% 226
\BOOKMARK [1][-]{section.7.31}{\376\377\0007\000.\0003\0001\000\040\000s\000r\000c\000/\000d\000e\000s\000e\000r\000t\000\137\000c\000l\000a\000s\000s\000e\000s\000/\000s\000e\000c\000u\000r\000i\000t\000y\000/\000S\000e\000c\000u\000r\000i\000t\000y\000L\000a\000y\000e\000r\000.\000h\000\040\000F\000i\000l\000e\000\040\000R\000e\000f\000e\000r\000e\000n\000c\000e}{chapter.7}% 227
\BOOKMARK [2][-]{subsection.7.31.1}{\376\377\0007\000.\0003\0001\000.\0001\000\040\000D\000e\000t\000a\000i\000l\000e\000d\000\040\000D\000e\000s\000c\000r\000i\000p\000t\000i\000o\000n}{section.7.31}% 228
\BOOKMARK [1][-]{section.7.32}{\376\377\0007\000.\0003\0002\000\040\000S\000e\000c\000u\000r\000i\000t\000y\000L\000a\000y\000e\000r\000.\000h}{chapter.7}% 229
\BOOKMARK [1][-]{section.7.33}{\376\377\0007\000.\0003\0003\000\040\000s\000r\000c\000/\000d\000e\000s\000e\000r\000t\000\137\000c\000l\000a\000s\000s\000e\000s\000/\000s\000e\000c\000u\000r\000i\000t\000y\000/\000S\000e\000c\000u\000r\000i\000t\000y\000P\000a\000r\000a\000m\000s\000.\000h\000\040\000F\000i\000l\000e\000\040\000R\000e\000f\000e\000r\000e\000n\000c\000e}{chapter.7}% 230
\BOOKMARK [2][-]{subsection.7.33.1}{\376\377\0007\000.\0003\0003\000.\0001\000\040\000D\000e\000t\000a\000i\000l\000e\000d\000\040\000D\000e\000s\000c\000r\000i\000p\000t\000i\000o\000n}{section.7.33}% 231
\BOOKMARK [1][-]{section.7.34}{\376\377\0007\000.\0003\0004\000\040\000S\000e\000c\000u\000r\000i\000t\000y\000P\000a\000r\000a\000m\000s\000.\000h}{chapter.7}% 232
\BOOKMARK [1][-]{section.7.35}{\376\377\0007\000.\0003\0005\000\040\000s\000r\000c\000/\000d\000e\000s\000e\000r\000t\000\137\000c\000l\000a\000s\000s\000e\000s\000/\000T\000c\000p\000D\000a\000e\000m\000o\000n\000.\000h\000\040\000F\000i\000l\000e\000\040\000R\000e\000f\000e\000r\000e\000n\000c\000e}{chapter.7}% 233
\BOOKMARK [2][-]{subsection.7.35.1}{\376\377\0007\000.\0003\0005\000.\0001\000\040\000D\000e\000t\000a\000i\000l\000e\000d\000\040\000D\000e\000s\000c\000r\000i\000p\000t\000i\000o\000n}{section.7.35}% 234
\BOOKMARK [1][-]{section.7.36}{\376\377\0007\000.\0003\0006\000\040\000T\000c\000p\000D\000a\000e\000m\000o\000n\000.\000h}{chapter.7}% 235
\BOOKMARK [1][-]{section.7.37}{\376\377\0007\000.\0003\0007\000\040\000s\000r\000c\000/\000d\000e\000s\000e\000r\000t\000\137\000c\000l\000a\000s\000s\000e\000s\000/\000T\000o\000p\000i\000c\000s\000C\000o\000n\000f\000i\000g\000.\000h\000\040\000F\000i\000l\000e\000\040\000R\000e\000f\000e\000r\000e\000n\000c\000e}{chapter.7}% 236
\BOOKMARK [2][-]{subsection.7.37.1}{\376\377\0007\000.\0003\0007\000.\0001\000\040\000D\000e\000t\000a\000i\000l\000e\000d\000\040\000D\000e\000s\000c\000r\000i\000p\000t\000i\000o\000n}{section.7.37}% 237
\BOOKMARK [1][-]{section.7.38}{\376\377\0007\000.\0003\0008\000\040\000T\000o\000p\000i\000c\000s\000C\000o\000n\000f\000i\000g\000.\000h}{chapter.7}% 238
\BOOKMARK [0][-]{section*.88}{\376\377\000I\000n\000d\000e\000x}{}% 239
